0 verbose cli E:\NodeJS\node.exe E:\NodeJS\node_modules\npm\bin\npm-cli.js
1 info using npm@11.11.0
2 info using node@v24.14.1
3 silly config load:file:E:\NodeJS\node_modules\npm\npmrc
4 silly config load:file:E:\TaskList\frontend\.npmrc
5 silly config load:file:C:\Users\NHAN\.npmrc
6 silly config load:file:C:\Users\NHAN\AppData\Roaming\npm\etc\npmrc
7 verbose title npm install
8 verbose argv "install"
9 verbose logfile logs-max:10 dir:C:\Users\NHAN\AppData\Local\npm-cache\_logs\2026-04-03T17_43_44_172Z-
10 verbose logfile C:\Users\NHAN\AppData\Local\npm-cache\_logs\2026-04-03T17_43_44_172Z-debug-0.log
11 silly logfile done cleaning log files
12 verbose stack TypeError: Class extends value undefined is not a constructor or null
12 verbose stack     at Object.<anonymous> (E:\NodeJS\node_modules\npm\node_modules\minipass-sized\dist\commonjs\index.js:21:40)
12 verbose stack     at Module._compile (node:internal/modules/cjs/loader:1812:14)
12 verbose stack     at Object..js (node:internal/modules/cjs/loader:1943:10)
12 verbose stack     at Module.load (node:internal/modules/cjs/loader:1533:32)
12 verbose stack     at Module._load (node:internal/modules/cjs/loader:1335:12)
12 verbose stack     at wrapModuleLoad (node:internal/modules/cjs/loader:255:19)
12 verbose stack     at Module.require (node:internal/modules/cjs/loader:1556:12)
12 verbose stack     at require (node:internal/modules/helpers:152:16)
12 verbose stack     at Object.<anonymous> (E:\NodeJS\node_modules\npm\node_modules\minipass-fetch\lib\body.js:3:27)
12 verbose stack     at Module._compile (node:internal/modules/cjs/loader:1812:14)
13 error Class extends value undefined is not a constructor or null
14 verbose cwd E:\TaskList\frontend
15 verbose os Windows_NT 10.0.26200
16 verbose node v24.14.1
17 verbose npm  v11.11.0
18 verbose exit 1
19 verbose code 1
20 error A complete log of this run can be found in: C:\Users\NHAN\AppData\Local\npm-cache\_logs\2026-04-03T17_43_44_172Z-debug-0.log
